Ran all test suites matching /coupon/i.
