src/screens/ProfileScreen.tsx(133,7): error TS1005: ',' expected.
